{"level":"error","message":"(Endpoints\\authentication\\AuthenticationService.js:73) Session Service: Did not find player for player ID: admin"}
{"level":"error","message":"(Endpoints\\authentication\\AuthenticationService.js:73) Session Service: Did not find player for player ID: admin"}
{"level":"error","message":"(Endpoints\\authentication\\AuthenticationService.js:73) Session Service: Did not find player for player ID: admin"}
{"level":"error","message":"(Endpoints\\authentication\\AuthenticationService.js:66) Password or userID is invalid"}
{"level":"error","message":"(Endpoints\\authentication\\AuthenticationService.js:66) Password or userID is invalid"}
{"level":"error","message":"(Endpoints\\authentication\\AuthenticationService.js:66) Password or userID is invalid"}
{"level":"error","message":"(Endpoints\\authentication\\AuthenticationService.js:66) Password or userID is invalid"}
{"date":"Wed Feb 14 2024 02:14:58 GMT+0100 (Mitteleuropäische Normalzeit)","error":{},"exception":true,"level":"error","message":"uncaughtException: cors is not defined\nReferenceError: cors is not defined\n    at Object.<anonymous> (F:\\Quiz app\\Backend\\httpServer.js:11:5)\n    at Module._compile (node:internal/modules/cjs/loader:1378:14)\n    at Module._extensions..js (node:internal/modules/cjs/loader:1437:10)\n    at Module.load (node:internal/modules/cjs/loader:1212:32)\n    at Module._load (node:internal/modules/cjs/loader:1028:12)\n    at Function.executeUserEntryPoint [as runMain] (node:internal/modules/run_main:142:12)\n    at node:internal/main/run_main_module:28:49","os":{"loadavg":[0,0,0],"uptime":196148.812},"process":{"argv":["C:\\Program Files\\nodejs\\node.exe","F:\\Quiz app\\Backend\\httpServer.js"],"cwd":"F:\\Quiz app\\Backend","execPath":"C:\\Program Files\\nodejs\\node.exe","gid":null,"memoryUsage":{"arrayBuffers":18262455,"external":20643738,"heapTotal":36917248,"heapUsed":23012784,"rss":73449472},"pid":11676,"uid":null,"version":"v21.6.1"},"stack":"ReferenceError: cors is not defined\n    at Object.<anonymous> (F:\\Quiz app\\Backend\\httpServer.js:11:5)\n    at Module._compile (node:internal/modules/cjs/loader:1378:14)\n    at Module._extensions..js (node:internal/modules/cjs/loader:1437:10)\n    at Module.load (node:internal/modules/cjs/loader:1212:32)\n    at Module._load (node:internal/modules/cjs/loader:1028:12)\n    at Function.executeUserEntryPoint [as runMain] (node:internal/modules/run_main:142:12)\n    at node:internal/main/run_main_module:28:49","trace":[{"column":5,"file":"F:\\Quiz app\\Backend\\httpServer.js","function":null,"line":11,"method":null,"native":false},{"column":14,"file":"node:internal/modules/cjs/loader","function":"Module._compile","line":1378,"method":"_compile","native":false},{"column":10,"file":"node:internal/modules/cjs/loader","function":"Module._extensions..js","line":1437,"method":".js","native":false},{"column":32,"file":"node:internal/modules/cjs/loader","function":"Module.load","line":1212,"method":"load","native":false},{"column":12,"file":"node:internal/modules/cjs/loader","function":"Module._load","line":1028,"method":"_load","native":false},{"column":12,"file":"node:internal/modules/run_main","function":"Function.executeUserEntryPoint [as runMain]","line":142,"method":"executeUserEntryPoint [as runMain]","native":false},{"column":49,"file":"node:internal/main/run_main_module","function":null,"line":28,"method":null,"native":false}]}
{"date":"Wed Feb 14 2024 02:15:10 GMT+0100 (Mitteleuropäische Normalzeit)","error":{},"exception":true,"level":"error","message":"uncaughtException: cors is not defined\nReferenceError: cors is not defined\n    at Object.<anonymous> (F:\\Quiz app\\Backend\\httpServer.js:11:5)\n    at Module._compile (node:internal/modules/cjs/loader:1378:14)\n    at Module._extensions..js (node:internal/modules/cjs/loader:1437:10)\n    at Module.load (node:internal/modules/cjs/loader:1212:32)\n    at Module._load (node:internal/modules/cjs/loader:1028:12)\n    at Function.executeUserEntryPoint [as runMain] (node:internal/modules/run_main:142:12)\n    at node:internal/main/run_main_module:28:49","os":{"loadavg":[0,0,0],"uptime":196160.343},"process":{"argv":["C:\\Program Files\\nodejs\\node.exe","F:\\Quiz app\\Backend\\httpServer.js"],"cwd":"F:\\Quiz app\\Backend","execPath":"C:\\Program Files\\nodejs\\node.exe","gid":null,"memoryUsage":{"arrayBuffers":18262455,"external":20643738,"heapTotal":36655104,"heapUsed":23132104,"rss":73904128},"pid":29072,"uid":null,"version":"v21.6.1"},"stack":"ReferenceError: cors is not defined\n    at Object.<anonymous> (F:\\Quiz app\\Backend\\httpServer.js:11:5)\n    at Module._compile (node:internal/modules/cjs/loader:1378:14)\n    at Module._extensions..js (node:internal/modules/cjs/loader:1437:10)\n    at Module.load (node:internal/modules/cjs/loader:1212:32)\n    at Module._load (node:internal/modules/cjs/loader:1028:12)\n    at Function.executeUserEntryPoint [as runMain] (node:internal/modules/run_main:142:12)\n    at node:internal/main/run_main_module:28:49","trace":[{"column":5,"file":"F:\\Quiz app\\Backend\\httpServer.js","function":null,"line":11,"method":null,"native":false},{"column":14,"file":"node:internal/modules/cjs/loader","function":"Module._compile","line":1378,"method":"_compile","native":false},{"column":10,"file":"node:internal/modules/cjs/loader","function":"Module._extensions..js","line":1437,"method":".js","native":false},{"column":32,"file":"node:internal/modules/cjs/loader","function":"Module.load","line":1212,"method":"load","native":false},{"column":12,"file":"node:internal/modules/cjs/loader","function":"Module._load","line":1028,"method":"_load","native":false},{"column":12,"file":"node:internal/modules/run_main","function":"Function.executeUserEntryPoint [as runMain]","line":142,"method":"executeUserEntryPoint [as runMain]","native":false},{"column":49,"file":"node:internal/main/run_main_module","function":null,"line":28,"method":null,"native":false}]}
{"level":"error","message":"(Endpoints\\authentication\\AuthenticationService.js:66) Password or userID is invalid"}
{"level":"error","message":"(Endpoints\\authentication\\AuthenticationService.js:66) Password or userID is invalid"}
{"level":"error","message":"(Endpoints\\authentication\\AuthenticationService.js:66) Password or userID is invalid"}
{"level":"error","message":"(Endpoints\\authentication\\AuthenticationService.js:66) Password or userID is invalid"}
{"date":"Mon Feb 19 2024 17:10:51 GMT+0100 (Mitteleuropäische Normalzeit)","error":{},"exception":true,"level":"error","message":"uncaughtException: body is not defined\nReferenceError: body is not defined\n    at Namespace.<anonymous> (F:\\Quiz app\\Backend\\httpServer.js:92:42)\n    at Namespace.emit (node:events:519:28)\n    at Namespace.emitReserved (F:\\Quiz app\\Backend\\node_modules\\socket.io\\dist\\typed-events.js:56:22)\n    at Namespace._doConnect (F:\\Quiz app\\Backend\\node_modules\\socket.io\\dist\\namespace.js:269:14)\n    at F:\\Quiz app\\Backend\\node_modules\\socket.io\\dist\\namespace.js:231:22\n    at process.processTicksAndRejections (node:internal/process/task_queues:77:11)","os":{"loadavg":[0,0,0],"uptime":95317.906},"process":{"argv":["C:\\Program Files\\nodejs\\node.exe","F:\\Quiz app\\Backend\\httpServer.js"],"cwd":"F:\\Quiz app\\Backend","execPath":"C:\\Program Files\\nodejs\\node.exe","gid":null,"memoryUsage":{"arrayBuffers":18269668,"external":20670127,"heapTotal":38121472,"heapUsed":25873320,"rss":75640832},"pid":25420,"uid":null,"version":"v21.6.1"},"stack":"ReferenceError: body is not defined\n    at Namespace.<anonymous> (F:\\Quiz app\\Backend\\httpServer.js:92:42)\n    at Namespace.emit (node:events:519:28)\n    at Namespace.emitReserved (F:\\Quiz app\\Backend\\node_modules\\socket.io\\dist\\typed-events.js:56:22)\n    at Namespace._doConnect (F:\\Quiz app\\Backend\\node_modules\\socket.io\\dist\\namespace.js:269:14)\n    at F:\\Quiz app\\Backend\\node_modules\\socket.io\\dist\\namespace.js:231:22\n    at process.processTicksAndRejections (node:internal/process/task_queues:77:11)","trace":[{"column":42,"file":"F:\\Quiz app\\Backend\\httpServer.js","function":null,"line":92,"method":null,"native":false},{"column":28,"file":"node:events","function":"Namespace.emit","line":519,"method":"emit","native":false},{"column":22,"file":"F:\\Quiz app\\Backend\\node_modules\\socket.io\\dist\\typed-events.js","function":"Namespace.emitReserved","line":56,"method":"emitReserved","native":false},{"column":14,"file":"F:\\Quiz app\\Backend\\node_modules\\socket.io\\dist\\namespace.js","function":"Namespace._doConnect","line":269,"method":"_doConnect","native":false},{"column":22,"file":"F:\\Quiz app\\Backend\\node_modules\\socket.io\\dist\\namespace.js","function":null,"line":231,"method":null,"native":false},{"column":11,"file":"node:internal/process/task_queues","function":"process.processTicksAndRejections","line":77,"method":"processTicksAndRejections","native":false}]}
{"date":"Tue Feb 20 2024 17:36:08 GMT+0100 (Mitteleuropäische Normalzeit)","error":{},"exception":true,"level":"error","message":"uncaughtException: Cannot access 'sendUpdatePlayers' before initialization\nReferenceError: Cannot access 'sendUpdatePlayers' before initialization\n    at Namespace.<anonymous> (F:\\Quiz app\\Backend\\httpServer.js:42:5)\n    at Namespace.emit (node:events:519:28)\n    at Namespace.emitReserved (F:\\Quiz app\\Backend\\node_modules\\socket.io\\dist\\typed-events.js:56:22)\n    at Namespace._doConnect (F:\\Quiz app\\Backend\\node_modules\\socket.io\\dist\\namespace.js:269:14)\n    at F:\\Quiz app\\Backend\\node_modules\\socket.io\\dist\\namespace.js:231:22\n    at process.processTicksAndRejections (node:internal/process/task_queues:77:11)","os":{"loadavg":[0,0,0],"uptime":67738.515},"process":{"argv":["C:\\Program Files\\nodejs\\node.exe","F:\\Quiz app\\Backend\\httpServer.js"],"cwd":"F:\\Quiz app\\Backend","execPath":"C:\\Program Files\\nodejs\\node.exe","gid":null,"memoryUsage":{"arrayBuffers":18269781,"external":20670240,"heapTotal":38121472,"heapUsed":25928040,"rss":75407360},"pid":15268,"uid":null,"version":"v21.6.1"},"stack":"ReferenceError: Cannot access 'sendUpdatePlayers' before initialization\n    at Namespace.<anonymous> (F:\\Quiz app\\Backend\\httpServer.js:42:5)\n    at Namespace.emit (node:events:519:28)\n    at Namespace.emitReserved (F:\\Quiz app\\Backend\\node_modules\\socket.io\\dist\\typed-events.js:56:22)\n    at Namespace._doConnect (F:\\Quiz app\\Backend\\node_modules\\socket.io\\dist\\namespace.js:269:14)\n    at F:\\Quiz app\\Backend\\node_modules\\socket.io\\dist\\namespace.js:231:22\n    at process.processTicksAndRejections (node:internal/process/task_queues:77:11)","trace":[{"column":5,"file":"F:\\Quiz app\\Backend\\httpServer.js","function":null,"line":42,"method":null,"native":false},{"column":28,"file":"node:events","function":"Namespace.emit","line":519,"method":"emit","native":false},{"column":22,"file":"F:\\Quiz app\\Backend\\node_modules\\socket.io\\dist\\typed-events.js","function":"Namespace.emitReserved","line":56,"method":"emitReserved","native":false},{"column":14,"file":"F:\\Quiz app\\Backend\\node_modules\\socket.io\\dist\\namespace.js","function":"Namespace._doConnect","line":269,"method":"_doConnect","native":false},{"column":22,"file":"F:\\Quiz app\\Backend\\node_modules\\socket.io\\dist\\namespace.js","function":null,"line":231,"method":null,"native":false},{"column":11,"file":"node:internal/process/task_queues","function":"process.processTicksAndRejections","line":77,"method":"processTicksAndRejections","native":false}]}
{"level":"error","message":"(Endpoints\\authentication\\AuthenticationService.js:73) Session Service: Did not find player for player ID: test "}
{"level":"error","message":"(Endpoints\\authentication\\AuthenticationService.js:73) Session Service: Did not find player for player ID: test "}
{"date":"Sun Mar 03 2024 04:05:30 GMT+0100 (Mitteleuropäische Normalzeit)","error":{},"exception":true,"level":"error","message":"uncaughtException: fs is not defined\nReferenceError: fs is not defined\n    at F:\\Quiz app\\Backend\\httpServer.js:44:9\n    at new Promise (<anonymous>)\n    at loadSoundFile (F:\\Quiz app\\Backend\\httpServer.js:43:12)\n    at Socket.<anonymous> (F:\\Quiz app\\Backend\\httpServer.js:77:35)\n    at Socket.emit (node:events:519:28)\n    at Socket.emitUntyped (F:\\Quiz app\\Backend\\node_modules\\socket.io\\dist\\typed-events.js:69:22)\n    at F:\\Quiz app\\Backend\\node_modules\\socket.io\\dist\\socket.js:704:39\n    at process.processTicksAndRejections (node:internal/process/task_queues:77:11)","os":{"loadavg":[0,0,0],"uptime":808443.281},"process":{"argv":["C:\\Program Files\\nodejs\\node.exe","F:\\Quiz app\\Backend\\httpServer.js"],"cwd":"F:\\Quiz app\\Backend","execPath":"C:\\Program Files\\nodejs\\node.exe","gid":null,"memoryUsage":{"arrayBuffers":18292163,"external":20689435,"heapTotal":24227840,"heapUsed":22440928,"rss":60579840},"pid":8740,"uid":null,"version":"v21.6.1"},"stack":"ReferenceError: fs is not defined\n    at F:\\Quiz app\\Backend\\httpServer.js:44:9\n    at new Promise (<anonymous>)\n    at loadSoundFile (F:\\Quiz app\\Backend\\httpServer.js:43:12)\n    at Socket.<anonymous> (F:\\Quiz app\\Backend\\httpServer.js:77:35)\n    at Socket.emit (node:events:519:28)\n    at Socket.emitUntyped (F:\\Quiz app\\Backend\\node_modules\\socket.io\\dist\\typed-events.js:69:22)\n    at F:\\Quiz app\\Backend\\node_modules\\socket.io\\dist\\socket.js:704:39\n    at process.processTicksAndRejections (node:internal/process/task_queues:77:11)","trace":[{"column":9,"file":"F:\\Quiz app\\Backend\\httpServer.js","function":null,"line":44,"method":null,"native":false},{"column":null,"file":null,"function":"new Promise","line":null,"method":null,"native":false},{"column":12,"file":"F:\\Quiz app\\Backend\\httpServer.js","function":"loadSoundFile","line":43,"method":null,"native":false},{"column":35,"file":"F:\\Quiz app\\Backend\\httpServer.js","function":null,"line":77,"method":null,"native":false},{"column":28,"file":"node:events","function":"Socket.emit","line":519,"method":"emit","native":false},{"column":22,"file":"F:\\Quiz app\\Backend\\node_modules\\socket.io\\dist\\typed-events.js","function":"Socket.emitUntyped","line":69,"method":"emitUntyped","native":false},{"column":39,"file":"F:\\Quiz app\\Backend\\node_modules\\socket.io\\dist\\socket.js","function":null,"line":704,"method":null,"native":false},{"column":11,"file":"node:internal/process/task_queues","function":"process.processTicksAndRejections","line":77,"method":"processTicksAndRejections","native":false}]}
{"level":"error","message":"(Endpoints\\authentication\\AuthenticationService.js:66) Password or userID is invalid"}
{"level":"error","message":"(Endpoints\\authentication\\AuthenticationService.js:66) Password or userID is invalid"}
{"level":"error","message":"(Endpoints\\authentication\\AuthenticationService.js:66) Password or userID is invalid"}
{"level":"error","message":"(Endpoints\\authentication\\AuthenticationService.js:66) Password or userID is invalid"}
{"level":"error","message":"(Endpoints\\authentication\\AuthenticationService.js:66) Password or userID is invalid"}
{"level":"error","message":"(Endpoints\\authentication\\AuthenticationService.js:66) Password or userID is invalid"}
{"level":"error","message":"(Endpoints\\authentication\\AuthenticationService.js:66) Password or userID is invalid"}
{"level":"error","message":"(Endpoints\\authentication\\AuthenticationService.js:66) Password or userID is invalid"}
{"level":"error","message":"(Endpoints\\authentication\\AuthenticationService.js:66) Password or userID is invalid"}
{"level":"error","message":"(Endpoints\\authentication\\AuthenticationService.js:66) Password or userID is invalid"}
{"level":"error","message":"(Endpoints\\authentication\\AuthenticationService.js:66) Password or userID is invalid"}
{"level":"error","message":"(Endpoints\\authentication\\AuthenticationService.js:66) Password or userID is invalid"}
{"level":"error","message":"(Endpoints\\authentication\\AuthenticationService.js:66) Password or userID is invalid"}
{"level":"error","message":"(Endpoints\\authentication\\AuthenticationService.js:66) Password or userID is invalid"}
{"level":"error","message":"(Endpoints\\authentication\\AuthenticationService.js:66) Password or userID is invalid"}
{"level":"error","message":"(Endpoints\\authentication\\AuthenticationService.js:66) Password or userID is invalid"}
{"level":"error","message":"(Endpoints\\authentication\\AuthenticationService.js:66) Password or userID is invalid"}
{"level":"error","message":"(Endpoints\\authentication\\AuthenticationService.js:66) Password or userID is invalid"}
{"level":"error","message":"(Endpoints\\authentication\\AuthenticationService.js:66) Password or userID is invalid"}
{"level":"error","message":"(Endpoints\\authentication\\AuthenticationService.js:73) Session Service: Did not find player for player ID: dana"}
{"level":"error","message":"(Endpoints\\authentication\\AuthenticationService.js:66) Password or userID is invalid"}
{"level":"error","message":"(Endpoints\\authentication\\AuthenticationService.js:73) Session Service: Did not find player for player ID: chris"}
{"level":"error","message":"(Endpoints\\authentication\\AuthenticationService.js:66) Password or userID is invalid"}
{"level":"error","message":"(Endpoints\\authentication\\AuthenticationService.js:66) Password or userID is invalid"}
{"level":"error","message":"(Endpoints\\authentication\\AuthenticationService.js:66) Password or userID is invalid"}
{"level":"error","message":"(Endpoints\\authentication\\AuthenticationService.js:66) Password or userID is invalid"}
{"level":"error","message":"(Endpoints\\authentication\\AuthenticationService.js:66) Password or userID is invalid"}
{"level":"error","message":"(Endpoints\\authentication\\AuthenticationService.js:66) Password or userID is invalid"}
{"level":"error","message":"(Endpoints\\authentication\\AuthenticationService.js:73) Session Service: Did not find player for player ID: tim"}
{"level":"error","message":"(Endpoints\\authentication\\AuthenticationService.js:73) Session Service: Did not find player for player ID: tim"}
{"level":"error","message":"(Endpoints\\authentication\\AuthenticationService.js:73) Session Service: Did not find player for player ID: tim"}
{"level":"error","message":"(Endpoints\\authentication\\AuthenticationService.js:73) Session Service: Did not find player for player ID: tim"}
{"level":"error","message":"(Endpoints\\authentication\\AuthenticationService.js:66) Password or userID is invalid"}
{"level":"error","message":"(Endpoints\\authentication\\AuthenticationService.js:66) Password or userID is invalid"}
{"level":"error","message":"(Endpoints\\authentication\\AuthenticationService.js:66) Password or userID is invalid"}
{"level":"error","message":"(Endpoints\\authentication\\AuthenticationService.js:66) Password or userID is invalid"}
{"level":"error","message":"(Endpoints\\authentication\\AuthenticationService.js:66) Password or userID is invalid"}
{"level":"error","message":"(Endpoints\\authentication\\AuthenticationService.js:66) Password or userID is invalid"}
{"level":"error","message":"(Endpoints\\authentication\\AuthenticationService.js:66) Password or userID is invalid"}
{"level":"error","message":"(Endpoints\\authentication\\AuthenticationService.js:66) Password or userID is invalid"}
{"level":"error","message":"(Endpoints\\authentication\\AuthenticationService.js:66) Password or userID is invalid"}
{"level":"error","message":"(Endpoints\\authentication\\AuthenticationService.js:66) Password or userID is invalid"}
{"date":"Wed Mar 27 2024 16:48:19 GMT+0100 (Mitteleuropäische Normalzeit)","error":{},"exception":true,"level":"error","message":"uncaughtException: Cannot access 'sendUpdatePlayers' before initialization\nReferenceError: Cannot access 'sendUpdatePlayers' before initialization\n    at Namespace.<anonymous> (F:\\Quiz app\\Backend\\httpServer.js:67:5)\n    at Namespace.emit (node:events:519:28)\n    at Namespace.emitReserved (F:\\Quiz app\\Backend\\node_modules\\socket.io\\dist\\typed-events.js:56:22)\n    at Namespace._doConnect (F:\\Quiz app\\Backend\\node_modules\\socket.io\\dist\\namespace.js:269:14)\n    at F:\\Quiz app\\Backend\\node_modules\\socket.io\\dist\\namespace.js:231:22\n    at process.processTicksAndRejections (node:internal/process/task_queues:77:11)","os":{"loadavg":[0,0,0],"uptime":751075.921},"process":{"argv":["C:\\Program Files\\nodejs\\node.exe","F:\\Quiz app\\Backend\\httpServer.js"],"cwd":"F:\\Quiz app\\Backend","execPath":"C:\\Program Files\\nodejs\\node.exe","gid":null,"memoryUsage":{"arrayBuffers":18429925,"external":20830384,"heapTotal":38383616,"heapUsed":26142792,"rss":74199040},"pid":16432,"uid":null,"version":"v21.6.1"},"stack":"ReferenceError: Cannot access 'sendUpdatePlayers' before initialization\n    at Namespace.<anonymous> (F:\\Quiz app\\Backend\\httpServer.js:67:5)\n    at Namespace.emit (node:events:519:28)\n    at Namespace.emitReserved (F:\\Quiz app\\Backend\\node_modules\\socket.io\\dist\\typed-events.js:56:22)\n    at Namespace._doConnect (F:\\Quiz app\\Backend\\node_modules\\socket.io\\dist\\namespace.js:269:14)\n    at F:\\Quiz app\\Backend\\node_modules\\socket.io\\dist\\namespace.js:231:22\n    at process.processTicksAndRejections (node:internal/process/task_queues:77:11)","trace":[{"column":5,"file":"F:\\Quiz app\\Backend\\httpServer.js","function":null,"line":67,"method":null,"native":false},{"column":28,"file":"node:events","function":"Namespace.emit","line":519,"method":"emit","native":false},{"column":22,"file":"F:\\Quiz app\\Backend\\node_modules\\socket.io\\dist\\typed-events.js","function":"Namespace.emitReserved","line":56,"method":"emitReserved","native":false},{"column":14,"file":"F:\\Quiz app\\Backend\\node_modules\\socket.io\\dist\\namespace.js","function":"Namespace._doConnect","line":269,"method":"_doConnect","native":false},{"column":22,"file":"F:\\Quiz app\\Backend\\node_modules\\socket.io\\dist\\namespace.js","function":null,"line":231,"method":null,"native":false},{"column":11,"file":"node:internal/process/task_queues","function":"process.processTicksAndRejections","line":77,"method":"processTicksAndRejections","native":false}]}
{"level":"error","message":"(Endpoints\\authentication\\AuthenticationService.js:66) Password or userID is invalid"}
{"level":"error","message":"(Endpoints\\authentication\\AuthenticationService.js:66) Password or userID is invalid"}
{"level":"error","message":"(Endpoints\\authentication\\AuthenticationService.js:73) Session Service: Did not find player for player ID: ^TIM"}
{"level":"error","message":"(Endpoints\\authentication\\AuthenticationService.js:73) Session Service: Did not find player for player ID: ^TIM"}
{"level":"error","message":"(Endpoints\\authentication\\AuthenticationService.js:73) Session Service: Did not find player for player ID: ^TIM"}
{"level":"error","message":"(Endpoints\\authentication\\AuthenticationService.js:73) Session Service: Did not find player for player ID: dana"}
{"level":"error","message":"(Endpoints\\authentication\\AuthenticationService.js:73) Session Service: Did not find player for player ID: TIM"}
{"level":"error","message":"(Endpoints\\authentication\\AuthenticationService.js:73) Session Service: Did not find player for player ID: TIM"}
{"level":"error","message":"(Endpoints\\authentication\\AuthenticationService.js:73) Session Service: Did not find player for player ID: TIM"}
{"level":"error","message":"(Endpoints\\authentication\\AuthenticationService.js:73) Session Service: Did not find player for player ID: dana"}
{"level":"error","message":"(Endpoints\\authentication\\AuthenticationService.js:73) Session Service: Did not find player for player ID: dana"}
{"level":"error","message":"(Endpoints\\authentication\\AuthenticationService.js:73) Session Service: Did not find player for player ID: dana"}
{"level":"error","message":"(Endpoints\\authentication\\AuthenticationService.js:66) Password or userID is invalid"}
{"level":"error","message":"(Endpoints\\authentication\\AuthenticationService.js:66) Password or userID is invalid"}
{"level":"error","message":"(Endpoints\\authentication\\AuthenticationService.js:73) Session Service: Did not find player for player ID: tim"}
{"level":"error","message":"(Endpoints\\authentication\\AuthenticationService.js:73) Session Service: Did not find player for player ID: tim"}
{"level":"error","message":"(Endpoints\\authentication\\AuthenticationService.js:73) Session Service: Did not find player for player ID: tim"}
{"level":"error","message":"(Endpoints\\authentication\\AuthenticationService.js:73) Session Service: Did not find player for player ID: tim"}
{"level":"error","message":"(Endpoints\\authentication\\AuthenticationService.js:73) Session Service: Did not find player for player ID: tim"}
{"level":"error","message":"(Endpoints\\authentication\\AuthenticationService.js:73) Session Service: Did not find player for player ID: tim"}
{"level":"error","message":"(Endpoints\\authentication\\AuthenticationService.js:73) Session Service: Did not find player for player ID: tim"}
{"level":"error","message":"(Endpoints\\authentication\\AuthenticationService.js:73) Session Service: Did not find player for player ID: tim"}
{"level":"error","message":"(Endpoints\\authentication\\AuthenticationService.js:73) Session Service: Did not find player for player ID: tim"}
{"level":"error","message":"(Endpoints\\authentication\\AuthenticationService.js:73) Session Service: Did not find player for player ID: tim"}
{"level":"error","message":"(Endpoints\\authentication\\AuthenticationService.js:73) Session Service: Did not find player for player ID: tim"}
{"level":"error","message":"(Endpoints\\authentication\\AuthenticationService.js:66) Password or userID is invalid"}
{"level":"error","message":"(Endpoints\\authentication\\AuthenticationService.js:37) Error: have no userID or password"}
{"level":"error","message":"(Endpoints\\authentication\\AuthenticationService.js:73) Session Service: Did not find player for player ID: chris"}
{"level":"error","message":"(Endpoints\\authentication\\AuthenticationService.js:66) Password or userID is invalid"}
{"level":"error","message":"(Endpoints\\authentication\\AuthenticationService.js:66) Password or userID is invalid"}
{"level":"error","message":"(Endpoints\\authentication\\AuthenticationService.js:66) Password or userID is invalid"}
{"level":"error","message":"(Endpoints\\authentication\\AuthenticationService.js:73) Session Service: Did not find player for player ID: jan"}
{"level":"error","message":"(Endpoints\\authentication\\AuthenticationService.js:73) Session Service: Did not find player for player ID: jan"}
{"level":"error","message":"(Endpoints\\authentication\\AuthenticationService.js:73) Session Service: Did not find player for player ID: jan"}
{"level":"error","message":"(Endpoints\\authentication\\AuthenticationService.js:73) Session Service: Did not find player for player ID: jan"}
{"level":"error","message":"(Endpoints\\authentication\\AuthenticationService.js:73) Session Service: Did not find player for player ID: jan"}
{"level":"error","message":"(Endpoints\\authentication\\AuthenticationService.js:73) Session Service: Did not find player for player ID: jan"}
{"level":"error","message":"(Endpoints\\authentication\\AuthenticationService.js:73) Session Service: Did not find player for player ID: jan"}
{"level":"error","message":"(Endpoints\\authentication\\AuthenticationService.js:73) Session Service: Did not find player for player ID: jan"}
{"level":"error","message":"(Endpoints\\authentication\\AuthenticationService.js:73) Session Service: Did not find player for player ID: jan"}
{"level":"error","message":"(Endpoints\\authentication\\AuthenticationService.js:73) Session Service: Did not find player for player ID: jan"}
{"level":"error","message":"(Endpoints\\authentication\\AuthenticationService.js:73) Session Service: Did not find player for player ID: jan"}
{"level":"error","message":"(Endpoints\\authentication\\AuthenticationService.js:73) Session Service: Did not find player for player ID: jan"}
{"level":"error","message":"(Endpoints\\authentication\\AuthenticationService.js:73) Session Service: Did not find player for player ID: jan"}
{"level":"error","message":"(Endpoints\\authentication\\AuthenticationService.js:73) Session Service: Did not find player for player ID: jan"}
{"level":"error","message":"(Endpoints\\authentication\\AuthenticationService.js:66) Password or userID is invalid"}
{"level":"error","message":"(Endpoints\\authentication\\AuthenticationService.js:73) Session Service: Did not find player for player ID: test1"}
{"level":"error","message":"(Endpoints\\authentication\\AuthenticationService.js:73) Session Service: Did not find player for player ID: test1"}
{"level":"error","message":"(Endpoints\\authentication\\AuthenticationService.js:73) Session Service: Did not find player for player ID: test1"}
{"level":"error","message":"(Endpoints\\authentication\\AuthenticationService.js:73) Session Service: Did not find player for player ID: test1"}
{"level":"error","message":"(Endpoints\\authentication\\AuthenticationService.js:73) Session Service: Did not find player for player ID: tim"}
{"level":"error","message":"(Endpoints\\authentication\\AuthenticationService.js:66) Password or userID is invalid"}
{"level":"error","message":"(Endpoints\\authentication\\AuthenticationService.js:66) Password or userID is invalid"}
{"level":"error","message":"(Endpoints\\authentication\\AuthenticationService.js:66) Password or userID is invalid"}
{"level":"error","message":"(Endpoints\\authentication\\AuthenticationService.js:66) Password or userID is invalid"}
{"level":"error","message":"(Endpoints\\authentication\\AuthenticationService.js:66) Password or userID is invalid"}
{"level":"error","message":"(Endpoints\\authentication\\AuthenticationService.js:66) Password or userID is invalid"}
{"level":"error","message":"(Endpoints\\authentication\\AuthenticationService.js:66) Password or userID is invalid"}
{"level":"error","message":"(Endpoints\\authentication\\AuthenticationService.js:73) Session Service: Did not find player for player ID: tim"}
{"level":"error","message":"(Endpoints\\authentication\\AuthenticationService.js:73) Session Service: Did not find player for player ID: tim"}
{"level":"error","message":"(Endpoints\\authentication\\AuthenticationService.js:73) Session Service: Did not find player for player ID: tim"}
{"level":"error","message":"(Endpoints\\authentication\\AuthenticationService.js:73) Session Service: Did not find player for player ID: tim"}
{"level":"error","message":"(Endpoints\\authentication\\AuthenticationService.js:66) Password or userID is invalid"}
{"level":"error","message":"(Endpoints\\authentication\\AuthenticationService.js:73) Session Service: Did not find player for player ID: tim"}
{"level":"error","message":"(Endpoints\\authentication\\AuthenticationService.js:66) Password or userID is invalid"}
{"level":"error","message":"(Endpoints\\authentication\\AuthenticationService.js:66) Password or userID is invalid"}
{"level":"error","message":"(Endpoints\\authentication\\AuthenticationService.js:66) Password or userID is invalid"}
{"level":"error","message":"(Endpoints\\authentication\\AuthenticationService.js:37) Error: have no userID or password"}
{"level":"error","message":"(Endpoints\\authentication\\AuthenticationService.js:66) Password or userID is invalid"}
{"level":"error","message":"(Endpoints\\authentication\\AuthenticationService.js:66) Password or userID is invalid"}
{"level":"error","message":"(Endpoints\\authentication\\AuthenticationService.js:66) Password or userID is invalid"}
{"level":"error","message":"(Endpoints\\authentication\\AuthenticationService.js:66) Password or userID is invalid"}
{"level":"error","message":"(Endpoints\\authentication\\AuthenticationService.js:66) Password or userID is invalid"}
{"level":"error","message":"(Endpoints\\authentication\\AuthenticationService.js:66) Password or userID is invalid"}
{"level":"error","message":"(Endpoints\\authentication\\AuthenticationService.js:66) Password or userID is invalid"}
{"level":"error","message":"(Endpoints\\authentication\\AuthenticationService.js:66) Password or userID is invalid"}
{"level":"error","message":"(Endpoints\\authentication\\AuthenticationService.js:66) Password or userID is invalid"}
{"level":"error","message":"(Endpoints\\authentication\\AuthenticationService.js:73) Session Service: Did not find player for player ID: tim"}
{"level":"error","message":"(Endpoints\\authentication\\AuthenticationService.js:73) Session Service: Did not find player for player ID: tim"}
{"level":"error","message":"(Endpoints\\authentication\\AuthenticationService.js:73) Session Service: Did not find player for player ID: tim"}
{"level":"error","message":"(Endpoints\\authentication\\AuthenticationService.js:73) Session Service: Did not find player for player ID: tim"}
{"level":"error","message":"(Endpoints\\authentication\\AuthenticationService.js:73) Session Service: Did not find player for player ID: tim"}
{"level":"error","message":"(Endpoints\\authentication\\AuthenticationService.js:73) Session Service: Did not find player for player ID: tim"}
{"level":"error","message":"(Endpoints\\authentication\\AuthenticationService.js:73) Session Service: Did not find player for player ID: tim"}
{"level":"error","message":"(Endpoints\\authentication\\AuthenticationService.js:73) Session Service: Did not find player for player ID: tim"}
{"level":"error","message":"(Endpoints\\authentication\\AuthenticationService.js:66) Password or userID is invalid"}
{"level":"error","message":"(Endpoints\\authentication\\AuthenticationService.js:66) Password or userID is invalid"}
{"date":"Sun May 25 2025 22:47:53 GMT+0200 (Mitteleuropäische Sommerzeit)","error":{"message":"connect ECONNREFUSED ::1:27017, connect ECONNREFUSED 127.0.0.1:27017","reason":{"commonWireVersion":0,"compatible":true,"heartbeatFrequencyMS":10000,"localThresholdMS":15,"logicalSessionTimeoutMinutes":null,"maxElectionId":null,"maxSetVersion":null,"servers":{},"setName":null,"stale":false,"type":"Unknown"}},"exception":true,"level":"error","message":"uncaughtException: connect ECONNREFUSED ::1:27017, connect ECONNREFUSED 127.0.0.1:27017\nMongooseServerSelectionError: connect ECONNREFUSED ::1:27017, connect ECONNREFUSED 127.0.0.1:27017\n    at _handleConnectionErrors (F:\\Quiz app\\Backend\\node_modules\\mongoose\\lib\\connection.js:829:11)\n    at NativeConnection.openUri (F:\\Quiz app\\Backend\\node_modules\\mongoose\\lib\\connection.js:804:11)\n    at runNextTicks (node:internal/process/task_queues:60:5)\n    at listOnTimeout (node:internal/timers:540:9)\n    at process.processTimers (node:internal/timers:514:7)","os":{"loadavg":[0,0,0],"uptime":39245.796},"process":{"argv":["C:\\Program Files\\nodejs\\node.exe","F:\\Quiz app\\Backend\\httpServer.js"],"cwd":"F:\\Quiz app\\Backend","execPath":"C:\\Program Files\\nodejs\\node.exe","gid":null,"memoryUsage":{"arrayBuffers":18262455,"external":20659727,"heapTotal":25276416,"heapUsed":21719496,"rss":60862464},"pid":24644,"uid":null,"version":"v21.6.1"},"stack":"MongooseServerSelectionError: connect ECONNREFUSED ::1:27017, connect ECONNREFUSED 127.0.0.1:27017\n    at _handleConnectionErrors (F:\\Quiz app\\Backend\\node_modules\\mongoose\\lib\\connection.js:829:11)\n    at NativeConnection.openUri (F:\\Quiz app\\Backend\\node_modules\\mongoose\\lib\\connection.js:804:11)\n    at runNextTicks (node:internal/process/task_queues:60:5)\n    at listOnTimeout (node:internal/timers:540:9)\n    at process.processTimers (node:internal/timers:514:7)","trace":[{"column":11,"file":"F:\\Quiz app\\Backend\\node_modules\\mongoose\\lib\\connection.js","function":"_handleConnectionErrors","line":829,"method":null,"native":false},{"column":11,"file":"F:\\Quiz app\\Backend\\node_modules\\mongoose\\lib\\connection.js","function":"NativeConnection.openUri","line":804,"method":"openUri","native":false},{"column":5,"file":"node:internal/process/task_queues","function":"runNextTicks","line":60,"method":null,"native":false},{"column":9,"file":"node:internal/timers","function":"listOnTimeout","line":540,"method":null,"native":false},{"column":7,"file":"node:internal/timers","function":"process.processTimers","line":514,"method":"processTimers","native":false}]}
{"level":"error","message":"(Endpoints\\authentication\\AuthenticationService.js:73) Session Service: Did not find player for player ID: test"}
{"level":"error","message":"(Endpoints\\authentication\\AuthenticationService.js:73) Session Service: Did not find player for player ID: test"}
{"date":"Sun May 25 2025 22:50:24 GMT+0200 (Mitteleuropäische Sommerzeit)","error":{"message":"connect ECONNREFUSED ::1:27017, connect ECONNREFUSED 127.0.0.1:27017","reason":{"commonWireVersion":0,"compatible":true,"heartbeatFrequencyMS":10000,"localThresholdMS":15,"logicalSessionTimeoutMinutes":null,"maxElectionId":null,"maxSetVersion":null,"servers":{},"setName":null,"stale":false,"type":"Unknown"}},"exception":true,"level":"error","message":"uncaughtException: connect ECONNREFUSED ::1:27017, connect ECONNREFUSED 127.0.0.1:27017\nMongooseServerSelectionError: connect ECONNREFUSED ::1:27017, connect ECONNREFUSED 127.0.0.1:27017\n    at _handleConnectionErrors (F:\\Quiz app\\Backend\\node_modules\\mongoose\\lib\\connection.js:829:11)\n    at NativeConnection.openUri (F:\\Quiz app\\Backend\\node_modules\\mongoose\\lib\\connection.js:804:11)\n    at runNextTicks (node:internal/process/task_queues:60:5)\n    at listOnTimeout (node:internal/timers:540:9)\n    at process.processTimers (node:internal/timers:514:7)","os":{"loadavg":[0,0,0],"uptime":39396.64},"process":{"argv":["C:\\Program Files\\nodejs\\node.exe","F:\\Quiz app\\Backend\\httpServer.js"],"cwd":"F:\\Quiz app\\Backend","execPath":"C:\\Program Files\\nodejs\\node.exe","gid":null,"memoryUsage":{"arrayBuffers":18266633,"external":21342316,"heapTotal":25014272,"heapUsed":22797936,"rss":60706816},"pid":2272,"uid":null,"version":"v21.6.1"},"stack":"MongooseServerSelectionError: connect ECONNREFUSED ::1:27017, connect ECONNREFUSED 127.0.0.1:27017\n    at _handleConnectionErrors (F:\\Quiz app\\Backend\\node_modules\\mongoose\\lib\\connection.js:829:11)\n    at NativeConnection.openUri (F:\\Quiz app\\Backend\\node_modules\\mongoose\\lib\\connection.js:804:11)\n    at runNextTicks (node:internal/process/task_queues:60:5)\n    at listOnTimeout (node:internal/timers:540:9)\n    at process.processTimers (node:internal/timers:514:7)","trace":[{"column":11,"file":"F:\\Quiz app\\Backend\\node_modules\\mongoose\\lib\\connection.js","function":"_handleConnectionErrors","line":829,"method":null,"native":false},{"column":11,"file":"F:\\Quiz app\\Backend\\node_modules\\mongoose\\lib\\connection.js","function":"NativeConnection.openUri","line":804,"method":"openUri","native":false},{"column":5,"file":"node:internal/process/task_queues","function":"runNextTicks","line":60,"method":null,"native":false},{"column":9,"file":"node:internal/timers","function":"listOnTimeout","line":540,"method":null,"native":false},{"column":7,"file":"node:internal/timers","function":"process.processTimers","line":514,"method":"processTimers","native":false}]}
{"level":"error","message":"(Endpoints\\authentication\\AuthenticationService.js:37) Error: have no userID or password"}
{"date":"Sun May 25 2025 22:52:24 GMT+0200 (Mitteleuropäische Sommerzeit)","error":{"message":"connect ECONNREFUSED ::1:27017, connect ECONNREFUSED 127.0.0.1:27017","reason":{"commonWireVersion":0,"compatible":true,"heartbeatFrequencyMS":10000,"localThresholdMS":15,"logicalSessionTimeoutMinutes":null,"maxElectionId":null,"maxSetVersion":null,"servers":{},"setName":null,"stale":false,"type":"Unknown"}},"exception":true,"level":"error","message":"uncaughtException: connect ECONNREFUSED ::1:27017, connect ECONNREFUSED 127.0.0.1:27017\nMongooseServerSelectionError: connect ECONNREFUSED ::1:27017, connect ECONNREFUSED 127.0.0.1:27017\n    at _handleConnectionErrors (F:\\Quiz app\\Backend\\node_modules\\mongoose\\lib\\connection.js:829:11)\n    at NativeConnection.openUri (F:\\Quiz app\\Backend\\node_modules\\mongoose\\lib\\connection.js:804:11)","os":{"loadavg":[0,0,0],"uptime":39517.593},"process":{"argv":["C:\\Program Files\\nodejs\\node.exe","F:\\Quiz app\\Backend\\httpServer.js"],"cwd":"F:\\Quiz app\\Backend","execPath":"C:\\Program Files\\nodejs\\node.exe","gid":null,"memoryUsage":{"arrayBuffers":18480400,"external":20877672,"heapTotal":26062848,"heapUsed":22943456,"rss":61218816},"pid":20308,"uid":null,"version":"v21.6.1"},"stack":"MongooseServerSelectionError: connect ECONNREFUSED ::1:27017, connect ECONNREFUSED 127.0.0.1:27017\n    at _handleConnectionErrors (F:\\Quiz app\\Backend\\node_modules\\mongoose\\lib\\connection.js:829:11)\n    at NativeConnection.openUri (F:\\Quiz app\\Backend\\node_modules\\mongoose\\lib\\connection.js:804:11)","trace":[{"column":11,"file":"F:\\Quiz app\\Backend\\node_modules\\mongoose\\lib\\connection.js","function":"_handleConnectionErrors","line":829,"method":null,"native":false},{"column":11,"file":"F:\\Quiz app\\Backend\\node_modules\\mongoose\\lib\\connection.js","function":"NativeConnection.openUri","line":804,"method":"openUri","native":false}]}
{"level":"error","message":"(Endpoints\\authentication\\AuthenticationService.js:73) Session Service: Did not find player for player ID: admin"}
{"date":"Sun May 25 2025 22:55:38 GMT+0200 (Mitteleuropäische Sommerzeit)","error":{"message":"connect ECONNREFUSED ::1:27017, connect ECONNREFUSED 127.0.0.1:27017","reason":{"commonWireVersion":0,"compatible":true,"heartbeatFrequencyMS":10000,"localThresholdMS":15,"logicalSessionTimeoutMinutes":null,"maxElectionId":null,"maxSetVersion":null,"servers":{},"setName":null,"stale":false,"type":"Unknown"}},"exception":true,"level":"error","message":"uncaughtException: connect ECONNREFUSED ::1:27017, connect ECONNREFUSED 127.0.0.1:27017\nMongooseServerSelectionError: connect ECONNREFUSED ::1:27017, connect ECONNREFUSED 127.0.0.1:27017\n    at _handleConnectionErrors (F:\\Quiz app\\Backend\\node_modules\\mongoose\\lib\\connection.js:829:11)\n    at NativeConnection.openUri (F:\\Quiz app\\Backend\\node_modules\\mongoose\\lib\\connection.js:804:11)","os":{"loadavg":[0,0,0],"uptime":39711.312},"process":{"argv":["C:\\Program Files\\nodejs\\node.exe","F:\\Quiz app\\Backend\\httpServer.js"],"cwd":"F:\\Quiz app\\Backend","execPath":"C:\\Program Files\\nodejs\\node.exe","gid":null,"memoryUsage":{"arrayBuffers":18266594,"external":20663866,"heapTotal":25276416,"heapUsed":22338464,"rss":62906368},"pid":24388,"uid":null,"version":"v21.6.1"},"stack":"MongooseServerSelectionError: connect ECONNREFUSED ::1:27017, connect ECONNREFUSED 127.0.0.1:27017\n    at _handleConnectionErrors (F:\\Quiz app\\Backend\\node_modules\\mongoose\\lib\\connection.js:829:11)\n    at NativeConnection.openUri (F:\\Quiz app\\Backend\\node_modules\\mongoose\\lib\\connection.js:804:11)","trace":[{"column":11,"file":"F:\\Quiz app\\Backend\\node_modules\\mongoose\\lib\\connection.js","function":"_handleConnectionErrors","line":829,"method":null,"native":false},{"column":11,"file":"F:\\Quiz app\\Backend\\node_modules\\mongoose\\lib\\connection.js","function":"NativeConnection.openUri","line":804,"method":"openUri","native":false}]}
{"level":"error","message":"(Endpoints\\authentication\\AuthenticationService.js:73) Session Service: Did not find player for player ID: Admin"}
{"level":"error","message":"(Endpoints\\authentication\\AuthenticationService.js:73) Session Service: Did not find player for player ID: Admin"}
{"level":"error","message":"(Endpoints\\authentication\\AuthenticationService.js:73) Session Service: Did not find player for player ID: dana"}
{"level":"error","message":"(Endpoints\\authentication\\AuthenticationService.js:73) Session Service: Did not find player for player ID: dana"}
{"level":"error","message":"(Endpoints\\authentication\\AuthenticationService.js:73) Session Service: Did not find player for player ID: dana"}
{"level":"error","message":"(Endpoints\\authentication\\AuthenticationService.js:73) Session Service: Did not find player for player ID: tim"}
{"level":"error","message":"(Endpoints\\authentication\\AuthenticationService.js:73) Session Service: Did not find player for player ID: tim"}
{"level":"error","message":"(Endpoints\\authentication\\AuthenticationService.js:66) Password or userID is invalid"}
{"level":"error","message":"(Endpoints\\authentication\\AuthenticationService.js:66) Password or userID is invalid"}
{"level":"error","message":"(Endpoints\\authentication\\AuthenticationService.js:66) Password or userID is invalid"}
